// Jest Snapshot v1, https://goo.gl/fbAQLP

exports[`src | components | pages | activation | events | ActivationOnlineButton snapshot should match snapshot 1`] = `
ShallowWrapper {
  Symbol(enzyme.__root__): [Circular],
  Symbol(enzyme.__unrendered__): <ActivationOnlineButton />,
  Symbol(enzyme.__renderer__): Object {
    "batchedUpdates": [Function],
    "getNode": [Function],
    "render": [Function],
    "simulateError": [Function],
    "simulateEvent": [Function],
    "unmount": [Function],
  },
  Symbol(enzyme.__node__): Object {
    "instance": null,
    "key": undefined,
    "nodeType": "host",
    "props": Object {
      "children": Array [
        <div
          className="mb36"
        >
          <a
            className="is-block text-center button is-rounded py7 no-background"
            href="https://www.demarches-simplifiees.fr/commencer/activer-mon-compte-pass-culture"
            id="activation-online-button"
            rel="noopener noreferrer"
            target="_blank"
          >
            <span
              className="fs18 is-white-text is-bold"
            >
              Activer votre pass en ligne
            </span>
          </a>
        </div>,
        <div
          className="text-center"
        >
          <span
            className="is-italic is-medium fs20"
          >
            -- ou --
          </span>
        </div>,
      ],
      "className": "mb36",
    },
    "ref": null,
    "rendered": Array [
      Object {
        "instance": null,
        "key": undefined,
        "nodeType": "host",
        "props": Object {
          "children": <a
            className="is-block text-center button is-rounded py7 no-background"
            href="https://www.demarches-simplifiees.fr/commencer/activer-mon-compte-pass-culture"
            id="activation-online-button"
            rel="noopener noreferrer"
            target="_blank"
          >
            <span
              className="fs18 is-white-text is-bold"
            >
              Activer votre pass en ligne
            </span>
          </a>,
          "className": "mb36",
        },
        "ref": null,
        "rendered": Object {
          "instance": null,
          "key": undefined,
          "nodeType": "host",
          "props": Object {
            "children": <span
              className="fs18 is-white-text is-bold"
            >
              Activer votre pass en ligne
            </span>,
            "className": "is-block text-center button is-rounded py7 no-background",
            "href": "https://www.demarches-simplifiees.fr/commencer/activer-mon-compte-pass-culture",
            "id": "activation-online-button",
            "rel": "noopener noreferrer",
            "target": "_blank",
          },
          "ref": null,
          "rendered": Object {
            "instance": null,
            "key": undefined,
            "nodeType": "host",
            "props": Object {
              "children": "Activer votre pass en ligne",
              "className": "fs18 is-white-text is-bold",
            },
            "ref": null,
            "rendered": "Activer votre pass en ligne",
            "type": "span",
          },
          "type": "a",
        },
        "type": "div",
      },
      Object {
        "instance": null,
        "key": undefined,
        "nodeType": "host",
        "props": Object {
          "children": <span
            className="is-italic is-medium fs20"
          >
            -- ou --
          </span>,
          "className": "text-center",
        },
        "ref": null,
        "rendered": Object {
          "instance": null,
          "key": undefined,
          "nodeType": "host",
          "props": Object {
            "children": "-- ou --",
            "className": "is-italic is-medium fs20",
          },
          "ref": null,
          "rendered": "-- ou --",
          "type": "span",
        },
        "type": "div",
      },
    ],
    "type": "div",
  },
  Symbol(enzyme.__nodes__): Array [
    Object {
      "instance": null,
      "key": undefined,
      "nodeType": "host",
      "props": Object {
        "children": Array [
          <div
            className="mb36"
          >
            <a
              className="is-block text-center button is-rounded py7 no-background"
              href="https://www.demarches-simplifiees.fr/commencer/activer-mon-compte-pass-culture"
              id="activation-online-button"
              rel="noopener noreferrer"
              target="_blank"
            >
              <span
                className="fs18 is-white-text is-bold"
              >
                Activer votre pass en ligne
              </span>
            </a>
          </div>,
          <div
            className="text-center"
          >
            <span
              className="is-italic is-medium fs20"
            >
              -- ou --
            </span>
          </div>,
        ],
        "className": "mb36",
      },
      "ref": null,
      "rendered": Array [
        Object {
          "instance": null,
          "key": undefined,
          "nodeType": "host",
          "props": Object {
            "children": <a
              className="is-block text-center button is-rounded py7 no-background"
              href="https://www.demarches-simplifiees.fr/commencer/activer-mon-compte-pass-culture"
              id="activation-online-button"
              rel="noopener noreferrer"
              target="_blank"
            >
              <span
                className="fs18 is-white-text is-bold"
              >
                Activer votre pass en ligne
              </span>
            </a>,
            "className": "mb36",
          },
          "ref": null,
          "rendered": Object {
            "instance": null,
            "key": undefined,
            "nodeType": "host",
            "props": Object {
              "children": <span
                className="fs18 is-white-text is-bold"
              >
                Activer votre pass en ligne
              </span>,
              "className": "is-block text-center button is-rounded py7 no-background",
              "href": "https://www.demarches-simplifiees.fr/commencer/activer-mon-compte-pass-culture",
              "id": "activation-online-button",
              "rel": "noopener noreferrer",
              "target": "_blank",
            },
            "ref": null,
            "rendered": Object {
              "instance": null,
              "key": undefined,
              "nodeType": "host",
              "props": Object {
                "children": "Activer votre pass en ligne",
                "className": "fs18 is-white-text is-bold",
              },
              "ref": null,
              "rendered": "Activer votre pass en ligne",
              "type": "span",
            },
            "type": "a",
          },
          "type": "div",
        },
        Object {
          "instance": null,
          "key": undefined,
          "nodeType": "host",
          "props": Object {
            "children": <span
              className="is-italic is-medium fs20"
            >
              -- ou --
            </span>,
            "className": "text-center",
          },
          "ref": null,
          "rendered": Object {
            "instance": null,
            "key": undefined,
            "nodeType": "host",
            "props": Object {
              "children": "-- ou --",
              "className": "is-italic is-medium fs20",
            },
            "ref": null,
            "rendered": "-- ou --",
            "type": "span",
          },
          "type": "div",
        },
      ],
      "type": "div",
    },
  ],
  Symbol(enzyme.__options__): Object {
    "adapter": ReactSixteenAdapter {
      "options": Object {
        "enableComponentDidUpdateOnSetState": true,
        "lifecycles": Object {
          "componentDidUpdate": Object {
            "onSetState": true,
          },
          "getDerivedStateFromProps": true,
          "getSnapshotBeforeUpdate": true,
          "setState": Object {
            "skipsComponentDidUpdateOnNullish": true,
          },
        },
      },
    },
  },
}
`;
