// Jest Snapshot v1, https://goo.gl/fbAQLP

exports[`src | components | pages | activation | events | Footer snapshot should match snapshot 1`] = `
ShallowWrapper {
  Symbol(enzyme.__root__): [Circular],
  Symbol(enzyme.__unrendered__): <ActivationEventsFooter />,
  Symbol(enzyme.__renderer__): Object {
    "batchedUpdates": [Function],
    "getNode": [Function],
    "render": [Function],
    "simulateError": [Function],
    "simulateEvent": [Function],
    "unmount": [Function],
  },
  Symbol(enzyme.__node__): Object {
    "instance": null,
    "key": undefined,
    "nodeType": "host",
    "props": Object {
      "children": <Link
        replace={false}
        title="Continuer sans activer mon pass Culture"
        to="/decouverte"
      >
        <span
          className="fs16 is-white-text"
        >
          Pas maintenant, je jette un oeil d'abord.
        </span>
      </Link>,
      "className": "flex-0 text-center mb24",
    },
    "ref": null,
    "rendered": Object {
      "instance": null,
      "key": undefined,
      "nodeType": "class",
      "props": Object {
        "children": <span
          className="fs16 is-white-text"
        >
          Pas maintenant, je jette un oeil d'abord.
        </span>,
        "replace": false,
        "title": "Continuer sans activer mon pass Culture",
        "to": "/decouverte",
      },
      "ref": null,
      "rendered": Object {
        "instance": null,
        "key": undefined,
        "nodeType": "host",
        "props": Object {
          "children": "Pas maintenant, je jette un oeil d'abord.",
          "className": "fs16 is-white-text",
        },
        "ref": null,
        "rendered": "Pas maintenant, je jette un oeil d'abord.",
        "type": "span",
      },
      "type": [Function],
    },
    "type": "footer",
  },
  Symbol(enzyme.__nodes__): Array [
    Object {
      "instance": null,
      "key": undefined,
      "nodeType": "host",
      "props": Object {
        "children": <Link
          replace={false}
          title="Continuer sans activer mon pass Culture"
          to="/decouverte"
        >
          <span
            className="fs16 is-white-text"
          >
            Pas maintenant, je jette un oeil d'abord.
          </span>
        </Link>,
        "className": "flex-0 text-center mb24",
      },
      "ref": null,
      "rendered": Object {
        "instance": null,
        "key": undefined,
        "nodeType": "class",
        "props": Object {
          "children": <span
            className="fs16 is-white-text"
          >
            Pas maintenant, je jette un oeil d'abord.
          </span>,
          "replace": false,
          "title": "Continuer sans activer mon pass Culture",
          "to": "/decouverte",
        },
        "ref": null,
        "rendered": Object {
          "instance": null,
          "key": undefined,
          "nodeType": "host",
          "props": Object {
            "children": "Pas maintenant, je jette un oeil d'abord.",
            "className": "fs16 is-white-text",
          },
          "ref": null,
          "rendered": "Pas maintenant, je jette un oeil d'abord.",
          "type": "span",
        },
        "type": [Function],
      },
      "type": "footer",
    },
  ],
  Symbol(enzyme.__options__): Object {
    "adapter": ReactSixteenAdapter {
      "options": Object {
        "enableComponentDidUpdateOnSetState": true,
        "lifecycles": Object {
          "componentDidUpdate": Object {
            "onSetState": true,
          },
          "getDerivedStateFromProps": true,
          "getSnapshotBeforeUpdate": true,
          "setState": Object {
            "skipsComponentDidUpdateOnNullish": true,
          },
        },
      },
    },
  },
}
`;
