// Jest Snapshot v1, https://goo.gl/fbAQLP

exports[`src | components | pages | activation | events | Header snapshot should match snapshot 1`] = `
ShallowWrapper {
  Symbol(enzyme.__root__): [Circular],
  Symbol(enzyme.__unrendered__): <ActivationEventsHeader />,
  Symbol(enzyme.__renderer__): Object {
    "batchedUpdates": [Function],
    "getNode": [Function],
    "render": [Function],
    "simulateError": [Function],
    "simulateEvent": [Function],
    "unmount": [Function],
  },
  Symbol(enzyme.__node__): Object {
    "instance": null,
    "key": undefined,
    "nodeType": "host",
    "props": Object {
      "children": Array [
        <h1
          className="fs32 is-italic is-bold mb12"
        >
          <span>
            Activez votre pass !
          </span>
        </h1>,
        <p
          className="fs22 is-italic"
        >
          Pour pouvoir bénéficier des offres de votre pass Culture, vous devez l'activer soit en ligne, soit auprès de nos équipes dans votre région.
        </p>,
      ],
      "className": "mb36",
    },
    "ref": null,
    "rendered": Array [
      Object {
        "instance": null,
        "key": undefined,
        "nodeType": "host",
        "props": Object {
          "children": <span>
            Activez votre pass !
          </span>,
          "className": "fs32 is-italic is-bold mb12",
        },
        "ref": null,
        "rendered": Object {
          "instance": null,
          "key": undefined,
          "nodeType": "host",
          "props": Object {
            "children": "Activez votre pass !",
          },
          "ref": null,
          "rendered": "Activez votre pass !",
          "type": "span",
        },
        "type": "h1",
      },
      Object {
        "instance": null,
        "key": undefined,
        "nodeType": "host",
        "props": Object {
          "children": "Pour pouvoir bénéficier des offres de votre pass Culture, vous devez l'activer soit en ligne, soit auprès de nos équipes dans votre région.",
          "className": "fs22 is-italic",
        },
        "ref": null,
        "rendered": "Pour pouvoir bénéficier des offres de votre pass Culture, vous devez l'activer soit en ligne, soit auprès de nos équipes dans votre région.",
        "type": "p",
      },
    ],
    "type": "header",
  },
  Symbol(enzyme.__nodes__): Array [
    Object {
      "instance": null,
      "key": undefined,
      "nodeType": "host",
      "props": Object {
        "children": Array [
          <h1
            className="fs32 is-italic is-bold mb12"
          >
            <span>
              Activez votre pass !
            </span>
          </h1>,
          <p
            className="fs22 is-italic"
          >
            Pour pouvoir bénéficier des offres de votre pass Culture, vous devez l'activer soit en ligne, soit auprès de nos équipes dans votre région.
          </p>,
        ],
        "className": "mb36",
      },
      "ref": null,
      "rendered": Array [
        Object {
          "instance": null,
          "key": undefined,
          "nodeType": "host",
          "props": Object {
            "children": <span>
              Activez votre pass !
            </span>,
            "className": "fs32 is-italic is-bold mb12",
          },
          "ref": null,
          "rendered": Object {
            "instance": null,
            "key": undefined,
            "nodeType": "host",
            "props": Object {
              "children": "Activez votre pass !",
            },
            "ref": null,
            "rendered": "Activez votre pass !",
            "type": "span",
          },
          "type": "h1",
        },
        Object {
          "instance": null,
          "key": undefined,
          "nodeType": "host",
          "props": Object {
            "children": "Pour pouvoir bénéficier des offres de votre pass Culture, vous devez l'activer soit en ligne, soit auprès de nos équipes dans votre région.",
            "className": "fs22 is-italic",
          },
          "ref": null,
          "rendered": "Pour pouvoir bénéficier des offres de votre pass Culture, vous devez l'activer soit en ligne, soit auprès de nos équipes dans votre région.",
          "type": "p",
        },
      ],
      "type": "header",
    },
  ],
  Symbol(enzyme.__options__): Object {
    "adapter": ReactSixteenAdapter {
      "options": Object {
        "enableComponentDidUpdateOnSetState": true,
        "lifecycles": Object {
          "componentDidUpdate": Object {
            "onSetState": true,
          },
          "getDerivedStateFromProps": true,
          "getSnapshotBeforeUpdate": true,
          "setState": Object {
            "skipsComponentDidUpdateOnNullish": true,
          },
        },
      },
    },
  },
}
`;
