// Jest Snapshot v1, https://goo.gl/fbAQLP

exports[`src | components | pages | signin | FormFooter snapshot should match snapshot 1`] = `
ShallowWrapper {
  Symbol(enzyme.__root__): [Circular],
  Symbol(enzyme.__unrendered__): <FormFooter
    cancel={null}
    className="fake className"
    submit={
      Object {
        "url": "fake url",
      }
    }
  />,
  Symbol(enzyme.__renderer__): Object {
    "batchedUpdates": [Function],
    "getNode": [Function],
    "render": [Function],
    "simulateError": [Function],
    "simulateEvent": [Function],
    "unmount": [Function],
  },
  Symbol(enzyme.__node__): Object {
    "instance": null,
    "key": undefined,
    "nodeType": "host",
    "props": Object {
      "children": Array [
        null,
        <hr
          className="dotted-left-2x-white flex-0"
        />,
        false,
      ],
      "className": "pc-final-form-footer dotted-top-2x-white py7 flex-0 flex-columns text-center items-center fs20 fake className",
    },
    "ref": null,
    "rendered": Array [
      null,
      Object {
        "instance": null,
        "key": undefined,
        "nodeType": "host",
        "props": Object {
          "className": "dotted-left-2x-white flex-0",
        },
        "ref": null,
        "rendered": null,
        "type": "hr",
      },
      false,
    ],
    "type": "footer",
  },
  Symbol(enzyme.__nodes__): Array [
    Object {
      "instance": null,
      "key": undefined,
      "nodeType": "host",
      "props": Object {
        "children": Array [
          null,
          <hr
            className="dotted-left-2x-white flex-0"
          />,
          false,
        ],
        "className": "pc-final-form-footer dotted-top-2x-white py7 flex-0 flex-columns text-center items-center fs20 fake className",
      },
      "ref": null,
      "rendered": Array [
        null,
        Object {
          "instance": null,
          "key": undefined,
          "nodeType": "host",
          "props": Object {
            "className": "dotted-left-2x-white flex-0",
          },
          "ref": null,
          "rendered": null,
          "type": "hr",
        },
        false,
      ],
      "type": "footer",
    },
  ],
  Symbol(enzyme.__options__): Object {
    "adapter": ReactSixteenAdapter {
      "options": Object {
        "enableComponentDidUpdateOnSetState": true,
        "lifecycles": Object {
          "componentDidUpdate": Object {
            "onSetState": true,
          },
          "getDerivedStateFromProps": true,
          "getSnapshotBeforeUpdate": true,
          "setState": Object {
            "skipsComponentDidUpdateOnNullish": true,
          },
        },
      },
    },
  },
}
`;
